{
  "events": [
    {
      "name": "A great event",
      "date": "2024-03-02T12:00:00",
      "attendees": 0
    }
  ]
}